FM_TEST_BEGIN 2026-10-09T01:39:35Z tests/fm-pi-branch-extension.test.sh family=standalone expected_gate_skip=none
not ok - asynchronous hold reads must not authorize stale grants: node:internal/modules/esm/get_format:219
  throw new ERR_UNKNOWN_FILE_EXTENSION(ext, filepath);
        ^

TypeError [ERR_UNKNOWN_FILE_EXTENSION]: Unknown file extension ".ts" for /home/denni/.no-mistakes/worktrees/21e8d67b590b/01M4F48ADCJ5DDZHPHWBMZXC4N/.test-local/tmp/fm-pi-branch-extension.mFjl4F/async-hold-root/.pi/extensions/fm-branch-supervision.ts
    at Object.getFileProtocolModuleFormat [as file:] (node:internal/modules/esm/get_format:219:9)
    at defaultGetFormat (node:internal/modules/esm/get_format:245:36)
    at defaultLoad (node:internal/modules/esm/load:98:16)
    at ModuleLoader.load (node:internal/modules/esm/loader:815:12)
    at ModuleLoader.loadAndTranslate (node:internal/modules/esm/loader:594:31)
    at #createModuleJob (node:internal/modules/esm/loader:624:36)
    at #getJobFromResolveResult (node:internal/modules/esm/loader:343:34)
    at ModuleLoader.getModuleJobForImport (node:internal/modules/esm/loader:311:41)
    at process.processTicksAndRejections (node:internal/process/task_queues:103:5)
    at async onImport.tracePromise.__proto__ (node:internal/modules/esm/loader:664:25) {
  code: 'ERR_UNKNOWN_FILE_EXTENSION'
}

Node.js v22.22.1: expected exit 0, got 1
FM_TEST_END 2026-10-09T01:39:36Z tests/fm-pi-branch-extension.test.sh exit=1 duration_ms=987 gate_skip=false
FM_TEST_SUMMARY total=1 failed=1 skipped_gate=0 duration_ms=1304
FM_TEST_SUMMARY_FAMILY family=standalone count=1 duration_ms=987 failed=1
FM_TEST_SLOWEST rank=1 script=tests/fm-pi-branch-extension.test.sh duration_ms=987
