FM_TEST_BEGIN 2026-10-09T01:39:41Z tests/fm-pi-branch-extension.test.sh family=standalone expected_gate_skip=none
not ok - asynchronous hold reads must not authorize stale grants: node:internal/util:226
    throw new ERR_NO_TYPESCRIPT();
          ^

Error [ERR_NO_TYPESCRIPT]: Node.js is not compiled with TypeScript support
    at assertTypeScript (node:internal/util:226:11)
    at node:internal/modules/typescript:41:3
    at node:internal/util:785:15
    at parseTypeScript (node:internal/modules/typescript:53:17)
    at processTypeScriptCode (node:internal/modules/typescript:133:42)
    at stripTypeScriptModuleTypes (node:internal/modules/typescript:163:10)
    at Object.getFileProtocolModuleFormat [as file:] (node:internal/modules/esm/get_format:170:30)
    at defaultGetFormat (node:internal/modules/esm/get_format:245:36)
    at defaultLoad (node:internal/modules/esm/load:98:16)
    at ModuleLoader.load (node:internal/modules/esm/loader:815:12) {
  code: 'ERR_NO_TYPESCRIPT'
}

Node.js v22.22.1: expected exit 0, got 1
FM_TEST_END 2026-10-09T01:39:43Z tests/fm-pi-branch-extension.test.sh exit=1 duration_ms=1307 gate_skip=false
FM_TEST_SUMMARY total=1 failed=1 skipped_gate=0 duration_ms=1525
FM_TEST_SUMMARY_FAMILY family=standalone count=1 duration_ms=1307 failed=1
FM_TEST_SLOWEST rank=1 script=tests/fm-pi-branch-extension.test.sh duration_ms=1307
