FM_TEST_BEGIN 2026-09-18T03:32:12Z tests/fm-pi-branch-extension.test.sh family=standalone expected_gate_skip=none
ok - asynchronous hold races preserve main fallback and task locks serialize final checks through publication
ok - new holds return accepted signal and stale triggers to main, including mixed queues, and release restores delivery
ok - backlog-only holds route signal and stale rows to main, fail closed on read errors, and release cleanly
ok - fm_branch_outcomes hides through ToolExecutionComponent while Calm-off and HTML export stay stock
ok - the installed Pi still bounds the picker's list and ranks its search
ok - branch owns accepted wakes with a stable prefix and deterministic verdict-driven delivery
ok - a captain outcome reaches main's model as one typed, sequence-keyed processing request while routine notes stay plain
ok - requested and unsolicited healthy outcomes keep distinct delivery and event ownership
ok - captain outcomes are exact and exactly once across crash, reload, busy main, compaction, and an unrelated assistant response
ok - a captain outcome opens one sequence-keyed processing turn, survives empty and unrelated answers, is re-presented at run end and session start, and closes only on its acknowledgement
ok - scopeForUnreadWake excludes every main-only class without vetoing eligible task-local rows, and writes the eligible snapshot
ok - branch prompt_cache_key is stable per home across sessions and distinct between homes
ok - branch default-on eligibility (task-scoped, heartbeat, afk) binds and a broken branch rejects to watcher fallback
ok - a heartbeat review survives a check row arriving before its drain
ok - fm_branch_report refuses a task the wake did not name, fleet included, while a heartbeat is unscoped
ok - pre-drain eligibility re-check excludes a newly main-owned row without deferring eligible work
ok - a co-present needs-decision row neither vetoes nor falsely settles routine branch delivery
ok - a settled branch turn without a durable outcome falls back and releases its grant for main replay
ok - provider-error latches cool down, re-probe once with backoff, and recover through a durable report
ok - selection changes preserve in-flight transcript ownership and reset provider-error streaks
ok - a stale main claim returns the durable wake to watcher delivery
ok - pre-drain eligibility re-check no-ops an already-drained wake
ok - dialog mirror filters tool and operational traffic, lands before wakes, and keeps a durable cursor
ok - the dialog mirror re-anchors for each session's new branch conversation and stays incremental within it
ok - every main session start begins a new branch conversation while one session keeps its own
ok - the current pin state binds every branch build, and clearing it returns the branch to main's model
ok - unpinned branches follow main model changes live while pinned branches stay fixed
ok - supervision-model command persists the captain's pick and rebinds the live branch
ok - supervision-model opens a bounded searchable list, follow main first, and pins the branch alone
ok - branch model picker keeps follow main first and filters the eligible catalog
ok - the effort pin binds every branch build, and clearing it returns the branch to main's effort
ok - unpinned branches follow main effort changes live while pinned branches stay fixed
ok - an extension-registered provider resolves in the isolated branch runtime
ok - supervision-model runs an effort picker after the model picker and persists both independently
ok - an unusable model pin rejects to watcher fallback and an unparseable one is treated as no pin
ok - replacement activation cleans old branch leases and retries failed cleanup
ok - branch activates on a cold start once the lock is acquired, never before
ok - queued wakes and mirrors stop mutating branch state after lock ownership is lost
ok - stale reports, shells, mirrors, cursors, leases, and prompts perform no side effects
ok - a Pi session that does not own the lock accepts nothing and mutates no branch state
ok - an extension rebind re-mirrors undelivered dialog instead of dropping it
ok - outcome delivery keeps the event loop running and interleaved reports stay ordered and exactly once
ok - a session replaced mid-delivery cancels cleanly and the stored outcome still arrives exactly once
ok - a failing store script surfaces to the branch and its outcome is neither lost nor delivered twice
ok - a failed cursor write re-delivers a routine note exactly once more while a captain outcome stays deduplicated
FM_TEST_END 2026-09-18T03:36:53Z tests/fm-pi-branch-extension.test.sh exit=0 duration_ms=281336 gate_skip=false
FM_TEST_BEGIN 2026-09-18T03:36:53Z tests/fm-pi-watch-extension.test.sh family=watcher-wake-lock expected_gate_skip=none
ok - Pi extension reports external healthy watcher output
ok - Pi custom tool exposes repair-only metadata and returns automatic-continuation guidance
ok - Pi redundant tool call returns ownership guidance and spawns no second child
ok - Pi scheduled retry remains extension-owned after another tool call
ok - Pi actionable close starts one successor before wake delivery settles
ok - Pi dispatcher branch offer owns accepted wakes and falls back to main
ok - Pi dispatcher flags a fleet-wide heartbeat offer as branch-eligible
ok - a co-present check row neither vetoes nor rides a heartbeat into main
ok - every main-only check class still reaches main, never the supervision branch
ok - a captain-held signal trigger reaches main with routine rows present
ok - an unread pending-reply escalation keeps later stale aliases on main
ok - a mixed batch of two distinct files - one routine, one needs-decision - routes wholly to main
ok - a co-present needs-decision row neither vetoes nor rides a heartbeat into main
ok - heartbeat restoration failure stays on main
ok - watcher-failure repair stays with main even with a live, accepting branch listener
ok - Pi refused handling handshake is classified and not swallowed
ok - Pi hung successor falls back to one typed actionable wake
ok - Pi unretired successor falls back without an overlapping retry
ok - Pi late unretired closes resume classified supervision
ok - Pi clean empty close triggers a bounded continuity retry
ok - Pi established clean closes stop at the configured retry limit
ok - Pi close handler verifies session-lock ownership before successor launch
ok - Pi watcher arm distinguishes all session lock ownership states
ok - Pi session transitions auto-arm through a generation owner across /new /resume /fork/reload, stale callbacks, and quit
ok - Pi session replacement auto-arms and carries its in-flight actionable close
ok - Pi replacement replays a streaming follow-up before consumption
ok - Pi streaming-time wake delivery keeps the successor chain and replays only unconsumed wakes
ok - Pi retries a verified successor that failed during wake delivery once that delivery settles
ok - Pi replacement receives actionable closes after retirement timeout
ok - Pi replacement handoff tokens stay unique across fresh modules
ok - Pi replacement persistence failure still stops its arm child
ok - Pi process-exit cleanup listener remains singular across session replacement
ok - Pi process-exit cleanup stops the attached arm child
ok - OpenCode plugins have an explicit ESM boundary even under a typeless parent package
ok - OpenCode watcher plugin uses the effective FM_HOME state
ok - OpenCode watcher plugin sources the effective config
ok - OpenCode watcher plugin requires session lock ownership
ok - OpenCode watcher coordinator respects primary scope
ok - OpenCode watcher plugin starts one successor before wake prompt delivery settles
ok - OpenCode pre-ready actionable close preserves its successor
ok - OpenCode hung successor falls back to one typed actionable wake
ok - OpenCode unretired successor falls back without an overlapping retry
ok - OpenCode late unretired closes resume classified supervision
ok - OpenCode clean empty close triggers a bounded continuity retry
ok - OpenCode established clean closes stop at the configured retry limit
ok - OpenCode close handler verifies session-lock ownership before successor launch
ok - OpenCode watcher plugin coordinates with the turn-end guard
ok - OpenCode healthy arm output does not suppress the turn-end guard
FM_TEST_END 2026-09-18T03:37:47Z tests/fm-pi-watch-extension.test.sh exit=0 duration_ms=54075 gate_skip=false
FM_TEST_SUMMARY total=2 failed=0 skipped_gate=0 duration_ms=335779
FM_TEST_SUMMARY_FAMILY family=standalone count=1 duration_ms=281336 failed=0
FM_TEST_SUMMARY_FAMILY family=watcher-wake-lock count=1 duration_ms=54075 failed=0
FM_TEST_SLOWEST rank=1 script=tests/fm-pi-branch-extension.test.sh duration_ms=281336
FM_TEST_SLOWEST rank=2 script=tests/fm-pi-watch-extension.test.sh duration_ms=54075
