FM_TEST_BEGIN 2026-09-18T04:08:23Z tests/fm-wake-queue.test.sh family=watcher-wake-lock expected_gate_skip=none
ok - an abandoned same-process lock hold is reclaimed; a parent's live hold is not
ok - without BASHPID a subshell cannot release or reclaim its parent lock and owns its own hold
ok - bounded acquire hands ownership to the waiting caller after contention
ok - presentation lock waits are bounded and retriable without weakening acknowledgement atomicity
ok - malformed presentation locks report acquire failure instead of contention
ok - foreign secondmate queue alerts once per no-progress episode without age-only or cascade noise
ok - declared external-wait pause rows do not feed secondmate wake-loop escalation
ok - a reprovisioned queue generation starts a fresh no-progress interval
ok - an active turn defers the secondmate stall escalation without cancelling it
ok - a long-lived mate mid-turn is not a stall, but a queue frozen past the busy bound still alarms
ok - secondmate stall markers reject symlinks without touching their targets
ok - stall publication acknowledgement closes the pre-marker crash window
ok - empty prefix mate cleanup preserves another mate's stall receipt
ok - self-announced appends suppress only their own bytes and fail toward waking
ok - historical annotations replay nothing already announced and keep everything new
ok - concurrent append plus drain preserves durable records through acknowledgement
not ok - watcher did not exit for second signal
FM_TEST_END 2026-09-18T04:10:30Z tests/fm-wake-queue.test.sh exit=1 duration_ms=127029 gate_skip=false
FM_TEST_SUMMARY total=1 failed=1 skipped_gate=0 duration_ms=127217
FM_TEST_SUMMARY_FAMILY family=watcher-wake-lock count=1 duration_ms=127029 failed=1
FM_TEST_SLOWEST rank=1 script=tests/fm-wake-queue.test.sh duration_ms=127029
